#
# protocol.map - This files tells Sagan to search the "message" field or "program"
# field for "indicators" on what network protocol something might be using.  This is
# used with the "parse_proto" and "parse_proto_program" signature keywords. 
#

#{ "type": "message", "protocol_number": 17, "case_sensitive": true, "string": "UDP" } 
#{ "type": "message", "protocol_number": 6, "case_sensitive": true, "string": "TCP" } 
#{ "type": "message", "protocol_number": 1, "case_sensitive": true, "string": "ICMP" } 

# These are for Checkpoint Firewalls

#{ "type": "message", "protocol_number": 17, "case_sensitive": true, "string": "proto:\"17\"" }
#{ "type": "message", "protocol_number": 1, "case_sensitive": true, "string": "proto:\"1\"" }
#{ "type": "message", "protocol_number": 6, "case_sensitive": true, "string": "proto:\"6\"" }

# Cisco and Palo Alto firewalls.

#{ "type": "message", "protocol_number": 6, "case_sensitive": false, "string": ",tcp," } 
#{ "type": "message", "protocol_number": 17, "case_sensitive": false, "string": ",udp," } 
#{ "type": "message", "protocol_number": 1, "case_sensitive": false, "string": ",icmp," } 

#{ "type": "message", "protocol_number": 6, "case_sensitive": false, "string": " tcp " } 
#{ "type": "message", "protocol_number": 17, "case_sensitive": false, "string": " udp " } 
#{ "type": "message", "protocol_number": 1, "case_sensitive": false, "string": " icmp " } 

# Linux Programs 

#{ "type": "program", "protocol_number": 17, "case_sensitive": false, "string": "named" }
#{ "type": "program", "protocol_number": 6, "case_sensitive": false, "string": "ssh" }
#{ "type": "program", "protocol_number": 6, "case_sensitive": false, "string": "sshd" }
#{ "type": "program", "protocol_number": 6, "case_sensitive": false, "string": "rsync" }
#{ "type": "program", "protocol_number": 17, "case_sensitive": false, "string": "bind" }
#{ "type": "program", "protocol_number": 6, "case_sensitive": false, "string": "http" }
#{ "type": "program", "protocol_number": 6, "case_sensitive": false, "string": "httpd" }
#{ "type": "program", "protocol_number": 6, "case_sensitive": false, "string": "apache" }
#{ "type": "program", "protocol_number": 6, "case_sensitive": false, "string": "apache2" }
#{ "type": "program", "protocol_number": 6, "case_sensitive": false, "string": "ftp" }
#{ "type": "program", "protocol_number": 6, "case_sensitive": false, "string": "ftpd" }
#{ "type": "program", "protocol_number": 6, "case_sensitive": false, "string": "proftp" }
#{ "type": "program", "protocol_number": 6, "case_sensitive": false, "string": "vsftp" }
#{ "type": "program", "protocol_number": 6, "case_sensitive": false, "string": "mysqld" }
#{ "type": "program", "protocol_number": 17, "case_sensitive": false, "string": "ntpd" }
#{ "type": "program", "protocol_number": 6, "case_sensitive": false, "string": "nginx" }
#{ "type": "program", "protocol_number": 6, "case_sensitive": false, "string": "postgres" }
#{ "type": "program", "protocol_number": 6, "case_sensitive": false, "string": "redis-server" }

# Windows

#{ "type": "message", "protocol_number": 6, "case_sensitive": false, "string": "MSSQLSERVER" }


